
> code-oss-dev@1.99.3 electron
> node build/lib/electron

[[90m16:50:22[39m] Synchronizing built-in extensions...
[[90m16:50:22[39m] You can manage built-in extensions with the [36m--builtin[39m flag

